// Vitest Snapshot v1, https://vitest.dev/guide/snapshot.html

exports[`basic 1`] = `
<html>
  <head />
  <body>
    <div>
      <h4>
        Hello Server Component
      </h4>
      <div>
        Shared Component (
        server
        )
      </div>
      <div
        class="flex justify-center w-36 m-1 p-1 important:bg-[rgb(220,220,255)]"
      >
        unocss (server)
      </div>
      <div
        data-testid="server-action"
      >
        <h4>
          Hello Server Action
        </h4>
        <form
          action="javascript:throw new Error('A React form was unexpectedly submitted. If you called form.submit() manually, consider using form.requestSubmit() instead. If you\\'re trying to use event.stopPropagation() in a submit event handler, consider also calling event.preventDefault().')"
        >
          <div>
            Count: 
            0
          </div>
          <button
            class="server-btn"
            name="value"
            value="-1"
          >
            -1
          </button>
          <button
            class="server-btn"
            name="value"
            value="1"
          >
            +1
          </button>
        </form>
        <form
          action="javascript:throw new Error('A React form was unexpectedly submitted. If you called form.submit() manually, consider using form.requestSubmit() instead. If you\\'re trying to use event.stopPropagation() in a submit event handler, consider also calling event.preventDefault().')"
        >
          <h4>
            Hello useActionState
          </h4>
          <div
            style="display: flex; align-items: center; gap: 0.3rem;"
          >
            <div>
              1 + 1 = 
            </div>
            <input
              class="client-input"
              name="answer"
              placeholder="Answer?"
              required=""
            />
            <div
              data-testid="action-state"
            />
          </div>
        </form>
      </div>
      <div
        data-testid="client-component"
      >
        <h4>
          Hello Client Component
        </h4>
        <div>
          Shared Component (
          client
          )
        </div>
        <div
          class="flex justify-center w-36 m-1 p-1 important:bg-[rgb(255,220,220)]"
        >
          unocss (client)
        </div>
        <div>
          <div
            data-hydrated="true"
          >
            [hydrated: 
            true
            ]
          </div>
          <div>
            [effect: 
            <span>
              2
            </span>
            ]
          </div>
        </div>
        <div>
          Count: 
          0
        </div>
        <button
          class="client-btn"
        >
          -1
        </button>
        <button
          class="client-btn"
        >
          +1
        </button>
      </div>
    </div>
  </body>
</html>
`;

exports[`test async 1`] = `
<html>
  <head />
  <body>
    <div>
      <div>
        hello
      </div>
      <pre>
        {
  "name": "@hiogawa/vite-environment-examples-react-server",
  "private": true,
  "type": "module"
      </pre>
    </div>
  </body>
</html>
`;
